
> skill-webory@0.1.0 build
> next build --webpack

ΓÜá Warning: Next.js inferred your workspace root, but it may not be correct.
 We detected multiple lockfiles and selected the directory of C:\Users\91620\package-lock.json as the root directory.
 To silence this warning, set `outputFileTracingRoot` in your Next.js config, or consider removing one of the lockfiles if it's not needed.
   See https://nextjs.org/docs/app/api-reference/config/next-config-js/output#caveats for more information.
 Detected additional lockfiles: 
   * C:\Users\91620\Desktop\skill-webory\package-lock.json

Γû▓ Next.js 16.1.0-canary.15 (webpack)
- Environments: .env.local
- Experiments (use with caution):
  ┬╖ serverActions

ΓÜá The "middleware" file convention is deprecated. Please use "proxy" instead. Learn more: https://nextjs.org/docs/messages/middleware-to-proxy
  Creating an optimized production build ...
 Γ£ô (pwa) Compiling for server...
 Γ£ô (pwa) Compiling for server...
 Γ£ô (pwa) Compiling for client (static)...
 Γùï (pwa) Service worker: C:\Users\91620\Desktop\skill-webory\public\sw.js
 Γùï (pwa)   URL: /sw.js
 Γùï (pwa)   Scope: /
  Running TypeScript ...
ΓÜá Compiled with warnings in 56s

./node_modules/@opentelemetry/instrumentation/build/esm/platform/node/instrumentation.js
Critical dependency: the request of a dependency is an expression

Import trace for requested module:
./node_modules/@opentelemetry/instrumentation/build/esm/platform/node/instrumentation.js
./node_modules/@opentelemetry/instrumentation/build/esm/platform/node/index.js
./node_modules/@opentelemetry/instrumentation/build/esm/platform/index.js
./node_modules/@opentelemetry/instrumentation/build/esm/index.js
./node_modules/@sentry/node/build/cjs/integrations/tracing/postgresjs.js
./node_modules/@sentry/node/build/cjs/index.js
./node_modules/@sentry/nextjs/build/cjs/index.server.js
./src/app/error.tsx

./node_modules/@fastify/otel/node_modules/@opentelemetry/instrumentation/build/esm/platform/node/instrumentation.js
Critical dependency: the request of a dependency is an expression

Import trace for requested module:
./node_modules/@fastify/otel/node_modules/@opentelemetry/instrumentation/build/esm/platform/node/instrumentation.js
./node_modules/@fastify/otel/node_modules/@opentelemetry/instrumentation/build/esm/platform/node/index.js
./node_modules/@fastify/otel/node_modules/@opentelemetry/instrumentation/build/esm/platform/index.js
./node_modules/@fastify/otel/node_modules/@opentelemetry/instrumentation/build/esm/index.js
./node_modules/@fastify/otel/index.js
./node_modules/@sentry/node/build/cjs/integrations/tracing/fastify/index.js
./node_modules/@sentry/node/build/cjs/index.js
./node_modules/@sentry/nextjs/build/cjs/index.server.js
./src/app/api/sentry-example-api/route.ts

./node_modules/@prisma/instrumentation/node_modules/@opentelemetry/instrumentation/build/esm/platform/node/instrumentation.js
Critical dependency: the request of a dependency is an expression

Import trace for requested module:
./node_modules/@prisma/instrumentation/node_modules/@opentelemetry/instrumentation/build/esm/platform/node/instrumentation.js
./node_modules/@prisma/instrumentation/node_modules/@opentelemetry/instrumentation/build/esm/platform/node/index.js
./node_modules/@prisma/instrumentation/node_modules/@opentelemetry/instrumentation/build/esm/platform/index.js
./node_modules/@prisma/instrumentation/node_modules/@opentelemetry/instrumentation/build/esm/index.js
./node_modules/@prisma/instrumentation/dist/index.js
./node_modules/@sentry/node/build/cjs/integrations/tracing/prisma.js
./node_modules/@sentry/node/build/cjs/index.js
./node_modules/@sentry/nextjs/build/cjs/index.server.js
./src/app/api/sentry-example-api/route.ts

  Collecting page data using 15 workers ...
  Generating static pages using 15 workers (0/188) ...
  Generating static pages using 15 workers (47/188) 
  Generating static pages using 15 workers (94/188) 
  Generating static pages using 15 workers (141/188) 
Γ£ô Generating static pages using 15 workers (188/188) in 14.4s
